// Jest Snapshot v1, https://goo.gl/fbAQLP

exports[`renders as expected 1`] = `
<nav
  className="navBar"
  data-testid="navbar"
>
  <h2>
    Math Magicians
  </h2>
  <ul
    className="links"
  >
    <li>
      <a
        activeClassName="active-link"
        exact={true}
        href="#/"
        onClick={[Function]}
      >
        Home
      </a>
    </li>
    <li>
      <a
        activeClassName="active-link"
        exact={true}
        href="#/App"
        onClick={[Function]}
      >
        Calulator
      </a>
    </li>
    <li>
      <a
        activeClassName="active-link"
        exact={true}
        href="#/Quote"
        onClick={[Function]}
      >
        Quote
      </a>
    </li>
  </ul>
</nav>
`;
