// Jest Snapshot v1, https://goo.gl/fbAQLP

exports[`Tests Quote page renders as expected 1`] = `
<div
  className="quote"
  data-testid="paragraph-parent"
>
  <p>
    Mathmatics is not about numbers, equations, computations, or algorithms: it is about understanding.-William Paul Thurston
  </p>
</div>
`;
